[paginadecompra.com/pagina-de-obrigado-braip/index.html]
[backblue.gif]
[fade.gif]
[index.html]
[paginadecompra.com/wp-includes/css/dist/block-library/style.minf049.css]
[paginadecompra.com/wp-content/themes/cloudpress/assets/css/defaultf049.css]
[paginadecompra.com/wp-content/themes/cloudpress/assets/css/bootstrap.mincce7.css]
[paginadecompra.com/wp-content/themes/cloudpress-business/stylef049.css]
[paginadecompra.com/wp-content/plugins/elementor/assets/lib/font-awesome/css/font-awesome.min1849.css]
[paginadecompra.com/wp-content/themes/cloudpress/assets/css/jquery.smartmenus.bootstrap-4f049.css]
[paginadecompra.com/wp-content/plugins/elementor/assets/lib/eicons/css/elementor-icons.min7816.css]
[paginadecompra.com/wp-content/plugins/elementor/assets/css/frontend.mina767.css]
[paginadecompra.com/wp-content/uploads/elementor/css/post-58a28b.css]
[paginadecompra.com/wp-content/plugins/elementor-pro/assets/css/frontend.min8d18.css]
[paginadecompra.com/wp-content/uploads/elementor/css/global5ce8.css]
[paginadecompra.com/wp-content/uploads/elementor/css/post-36495ce8.css]
[paginadecompra.com/wp-content/themes/cloudpress/stylef049.css]
[paginadecompra.com/wp-content/themes/cloudpress-business/assets/css/defaultf049.css]
[paginadecompra.com/wp-includes/js/jquery/jquery.minaf6c.js]
[paginadecompra.com/wp-includes/js/jquery/jquery-migrate.mind617.js]
[paginadecompra.com/wp-content/plugins/elementor/assets/lib/animations/animations.mina767.css]
[paginadecompra.com/wp-content/themes/cloudpress/assets/js/bootstrap.minf049.js]
[paginadecompra.com/wp-content/themes/cloudpress/assets/js/smartmenus/jquery.smartmenusf049.js]
[paginadecompra.com/wp-content/themes/cloudpress/assets/js/smartmenus/jquery.smartmenus.bootstrap-4f049.js]
[paginadecompra.com/wp-content/uploads/2022/01/cropped-icono-que-hace-compras-seguro-seguridad-de-compra-en-linea-mirada-agradable-la-para-cualquier-aplicaciones-152]
[paginadecompra.com/wp-content/themes/cloudpress/assets/js/customf049.js]
[paginadecompra.com/wp-content/uploads/2022/01/cropped-icono-que-hace-compras-seguro-seguridad-de-compra-en-linea-mirada-agradable-la-para-cualquier-aplicaciones-153]
[paginadecompra.com/wp-content/plugins/elementor/assets/js/webpack.runtime.mina767.js]
[paginadecompra.com/wp-content/plugins/elementor/assets/js/frontend-modules.mina767.js]
[paginadecompra.com/wp-content/uploads/2022/01/cropped-icono-que-hace-compras-seguro-seguridad-de-compra-en-linea-mirada-agradable-la-para-cualquier-aplicaciones-154]
[paginadecompra.com/wp-content/plugins/elementor-pro/assets/lib/sticky/jquery.sticky.min8d18.js]
[paginadecompra.com/wp-content/plugins/elementor-pro/assets/js/frontend.min8d18.js]
[paginadecompra.com/wp-content/plugins/elementor/assets/lib/waypoints/waypoints.min05da.js]
[paginadecompra.com/wp-includes/js/jquery/ui/core.min0028.js]
[paginadecompra.com/wp-content/plugins/elementor/assets/lib/swiper/swiper.min48f5.js]
[paginadecompra.com/wp-content/plugins/elementor/assets/lib/share-link/share-link.mina767.js]
[paginadecompra.com/wp-content/plugins/elementor/assets/lib/dialog/dialog.mind227.js]
[paginadecompra.com/wp-content/plugins/elementor/assets/js/frontend.mina767.js]
[paginadecompra.com/pagina-de-obrigado-braip/index.html]
[paginadecompra.com/wp-includes/css/dist/block-library/style.minf049.css]
[paginadecompra.com/wp-content/themes/cloudpress/assets/css/defaultf049.css]
[paginadecompra.com/wp-content/themes/cloudpress/assets/css/bootstrap.mincce7.css]
[paginadecompra.com/wp-content/themes/cloudpress-business/stylef049.css]
[paginadecompra.com/wp-content/plugins/elementor/assets/lib/font-awesome/css/font-awesome.min1849.css]
[paginadecompra.com/wp-content/themes/cloudpress/assets/css/jquery.smartmenus.bootstrap-4f049.css]
[paginadecompra.com/wp-content/plugins/elementor/assets/lib/eicons/css/elementor-icons.min7816.css]
[paginadecompra.com/wp-content/plugins/elementor/assets/css/frontend.mina767.css]
[paginadecompra.com/wp-content/uploads/elementor/css/post-58a28b.css]
[paginadecompra.com/wp-content/plugins/elementor-pro/assets/css/frontend.min8d18.css]
[paginadecompra.com/wp-content/uploads/elementor/css/global5ce8.css]
[paginadecompra.com/wp-content/plugins/elementor/assets/js/preloaded-modules.mina767.js]
[paginadecompra.com/wp-content/uploads/2021/10/beckground.jpg]
[paginadecompra.com/wp-content/uploads/elementor/css/post-36495ce8.css]
[paginadecompra.com/wp-content/themes/images/bg/bg03.jpg]
[paginadecompra.com/wp-content/themes/cloudpress/assets/images/theme-data/mobile-music-ipad-technology-play-internet-759447-pxhere.com.jpg]
[paginadecompra.com/wp-content/themes/cloudpress/assets/images/theme-data/map.png]
[paginadecompra.com/wp-content/themes/cloudpress/assets/images/theme-data/bg-pattern/bg-img1.png]
[paginadecompra.com/wp-content/themes/cloudpress/stylef049.css]
[paginadecompra.com/wp-content/themes/cloudpress-business/assets/css/defaultf049.css]
[paginadecompra.com/wp-content/plugins/elementor/assets/lib/animations/animations.mina767.css]
[paginadecompra.com/wp-content/themes/images/bg/bg03.html]
[paginadecompra.com/wp-content/themes/cloudpress/assets/images/theme-data/bg-pattern/bg-img1.html]
